../Core/Src/main.c:66:6:delay	16	static
../Core/Src/main.c:72:6:Set_Pin_Output	40	static
../Core/Src/main.c:81:6:Set_Pin_Input	40	static
../Core/Src/main.c:95:9:DS18B20_Start	16	static
../Core/Src/main.c:113:6:DS18B20_Write	24	static
../Core/Src/main.c:145:9:DS18B20_Read	16	static
../Core/Src/main.c:179:5:main	128	static
../Core/Src/main.c:274:6:SystemClock_Config	88	static
../Core/Src/main.c:320:13:MX_ADC1_Init	24	static
../Core/Src/main.c:372:13:MX_TIM6_Init	16	static
../Core/Src/main.c:410:13:MX_USART2_UART_Init	8	static
../Core/Src/main.c:443:13:MX_GPIO_Init	40	static
../Core/Src/main.c:476:6:Error_Handler	4	static,ignoring_inline_asm
